[www.asksyntax.com/index.html]
[backblue.gif]
[fade.gif]
[index.html]
[www.asksyntax.com/assets/img/social.jpg]
[www.asksyntax.com/assets/img/favicon.png]
[www.asksyntax.com/assets/dist/css/normalize.css]
[www.asksyntax.com/assets/dist/css/main.css]
[www.asksyntax.com/index-2.html]
[www.asksyntax.com/contact.html]
[www.asksyntax.com/assets/img/pattern-top-prel.png]
[www.asksyntax.com/assets/img/pattern-bottom-prel.png]
[www.asksyntax.com/assets/img/svg/arrow-link.svg]
[www.asksyntax.com/assets/img/work/1.jpg]
[www.asksyntax.com/assets/img/work/2.jpg]
[www.asksyntax.com/assets/img/work/coming.jpg]
[www.asksyntax.com/assets/img/work/coming-2.jpg]
[www.asksyntax.com/assets/img/clients/1.png]
[www.asksyntax.com/assets/img/clients/2.png]
[www.asksyntax.com/assets/img/clients/3.png]
[www.asksyntax.com/assets/img/clients/4.png]
[www.asksyntax.com/assets/img/svg/heart-icon.svg]
[www.asksyntax.com/assets/dist/js/app.min.min.js]
[www.asksyntax.com/assets/dist/js/utils/shaderUtils.js]
[www.asksyntax.com/assets/dist/js/three.min.js]
[www.asksyntax.com/assets/dist/js/honey-ball-src/shaders/bubble-shaders.js]
[www.asksyntax.com/assets/dist/js/honey-ball-src/shaders/honey-ball-shaders.js]
[www.asksyntax.com/assets/dist/js/honey-ball-src/bubbles-fbo.js]
[www.asksyntax.com/assets/dist/js/honey-ball-src/cam-parallax.js]
[www.asksyntax.com/assets/dist/js/honey-ball-src/honey-ball.js]
[www.asksyntax.com/assets/dist/js/honey-ball-src/main-three-scene.js]
[www.asksyntax.com/index.html]
[www.asksyntax.com/assets/img/favicon.html]
[www.asksyntax.com/assets/dist/css/normalize.css]
[www.asksyntax.com/assets/dist/js/main.js]
[www.asksyntax.com/assets/dist/fonts/91216a0ea6e4f35b0840.woff2]
[www.asksyntax.com/assets/dist/fonts/1ecbcc126412ccfd5436.woff2]
[www.asksyntax.com/assets/dist/fonts/1e4e905a58f4b3b53895.woff]
[www.asksyntax.com/assets/dist/fonts/1f90f94c17909f8555b5.woff2]
[www.asksyntax.com/assets/dist/fonts/4449b058974f104347fa.woff]
[www.asksyntax.com/assets/dist/fonts/ca7d4b773287602d966f.woff]
[www.asksyntax.com/assets/dist/fonts/9ececc5176aa88a2f1ac.woff2]
[www.asksyntax.com/assets/dist/fonts/ebda1d087be291f49380.woff2]
[www.asksyntax.com/assets/dist/fonts/5325be966f3f986bd6bd.woff]
[www.asksyntax.com/assets/dist/fonts/c5640e841eca71c7d86d.woff]
[www.asksyntax.com/assets/dist/fonts/5b339ce7819c13906608.svg]
[www.asksyntax.com/assets/dist/fonts/242536776d164b4840d5.svg]
[www.asksyntax.com/assets/dist/fonts/658a5042f12b98c729c4.svg]
[www.asksyntax.com/assets/dist/css/main.css]
[www.asksyntax.com/index-2.html]
[www.asksyntax.com/work/index.html]
[www.asksyntax.com/studio.html]
[www.asksyntax.com/assets/img/svg/arrow-hex.svg]
[www.asksyntax.com/contact.html]
[www.asksyntax.com/assets/img/svg/arrow-link.svg]
[www.asksyntax.com/assets/img/svg/heart-icon.svg]
[www.asksyntax.com/assets/dist/js/app.min.min.js]
[www.asksyntax.com/assets/dist/js/three.min.js]
[www.asksyntax.com/assets/dist/js/utils/shaderUtils.js]
[www.asksyntax.com/assets/dist/js/honey-ball-src/shaders/bubble-shaders.js]
[www.asksyntax.com/assets/dist/js/honey-ball-src/shaders/honey-ball-shaders.js]
[www.asksyntax.com/assets/dist/js/honey-ball-src/bubbles-fbo.js]
[www.asksyntax.com/assets/dist/js/honey-ball-src/cam-parallax.js]
[www.asksyntax.com/assets/img/default/matcap05.png]
[www.asksyntax.com/assets/dist/js/honey-ball-src/honey-ball.js]
[www.asksyntax.com/assets/dist/js/honey-ball-src/main-three-scene.js]
[www.asksyntax.com/video/magic-ambient.ogg]
[www.asksyntax.com/assets/dist/js/main.js]
[www.asksyntax.com/assets/dist/fonts/5b339ce7819c13906608.svg]
[www.asksyntax.com/assets/dist/fonts/a828fd7948399ab1bf83.svg]
[www.asksyntax.com/assets/dist/fonts/242536776d164b4840d5.svg]
[www.asksyntax.com/assets/dist/fonts/ecfc2198f97e38a361eb.svg]
[www.asksyntax.com/assets/dist/fonts/658a5042f12b98c729c4.svg]
[www.asksyntax.com/assets/dist/css/79023c33df62b9fd67b7.svg]
[www.asksyntax.com/work/index.html]
[www.asksyntax.com/studio.html]
[www.asksyntax.com/assets/img/svg/arrow-hex.svg]
[www.asksyntax.com/video/magic-ambient.html]
